<?xml version="1.0" encoding="UTF-8"?>
<TestRun id="a347ec48-a466-477b-a254-71ebed13f160" name="malko_000@ALEX 2013-03-24 20:46:47" runUser="ALEX\malko_000" xmlns="http://microsoft.com/schemas/VisualStudio/TeamTest/2010">
  <TestSettings name="Default Test Settings" id="78efa198-5788-4b45-a62c-335700d63f31">
    <Deployment runDeploymentRoot="malko_000_ALEX 2013-03-24 20_46_47">
      <DeploymentItem filename="C:\Users\malko_000\Dropbox\Study\ISDP\Project\MKSK_Lahjapaja_CIM\MKSK_Lahjapaja_CIM\bin\MKSK_Lahjapaja_CIM.dll" />
    </Deployment>
    <Execution>
      <TestTypeSpecific />
      <AgentRule name="Execution Agents">
      </AgentRule>
    </Execution>
  </TestSettings>
  <Times creation="2013-03-24T20:46:47.6711184+02:00" queuing="2013-03-24T20:46:48.3362098+02:00" start="2013-03-24T20:46:48.3692137+02:00" finish="2013-03-24T20:46:48.7652573+02:00" />
  <ResultSummary outcome="Completed">
    <Counters total="1" executed="1" passed="1" error="0" failed="0" timeout="0" aborted="0" inconclusive="0" passedButRunAborted="0" notRunnable="0" notExecuted="0" disconnected="0" warning="0" completed="0" inProgress="0" pending="0" />
  </ResultSummary>
  <TestDefinitions>
    <UnitTest name="Index" storage="c:\users\malko_000\dropbox\study\isdp\project\mksk_lahjapaja_cim\mksk_lahjapaja_cim.tests\bin\debug\mksk_lahjapaja_cim.tests.dll" id="723b984e-d5c0-b30d-917b-9cd13bbd7194">
      <Execution id="b74e9447-d4cd-490d-85f8-0dbe220a1c0c" />
      <TestMethod codeBase="C:/Users/malko_000/Dropbox/Study/ISDP/Project/MKSK_Lahjapaja_CIM/MKSK_Lahjapaja_CIM.Tests/bin/Debug/MKSK_Lahjapaja_CIM.Tests.DLL" adapterTypeName="Microsoft.VisualStudio.TestTools.TestTypes.Unit.UnitTestAdapter, Microsoft.VisualStudio.QualityTools.Tips.UnitTest.Adapter, Version=10.0.0.0, Culture=neutral, PublicKeyToken=b03f5f7f11d50a3a" className="MKSK_Lahjapaja_CIM.Tests.Controllers.HomeControllerTest, MKSK_Lahjapaja_CIM.Tests, Version=1.0.0.0, Culture=neutral, PublicKeyToken=null" name="Index" />
    </UnitTest>
  </TestDefinitions>
  <TestLists>
    <TestList name="Results Not in a List" id="8c84fa94-04c1-424b-9868-57a2d4851a1d" />
    <TestList name="All Loaded Results" id="19431567-8539-422a-85d7-44ee4e166bda" />
  </TestLists>
  <TestEntries>
    <TestEntry testId="723b984e-d5c0-b30d-917b-9cd13bbd7194" executionId="b74e9447-d4cd-490d-85f8-0dbe220a1c0c" testListId="8c84fa94-04c1-424b-9868-57a2d4851a1d" />
  </TestEntries>
  <Results>
    <UnitTestResult executionId="b74e9447-d4cd-490d-85f8-0dbe220a1c0c" testId="723b984e-d5c0-b30d-917b-9cd13bbd7194" testName="Index" computerName="ALEX" duration="00:00:00.1666534" startTime="2013-03-24T20:46:48.3862094+02:00" endTime="2013-03-24T20:46:48.7362539+02:00" testType="13cdc9d9-ddb5-4fa4-a97d-d965ccfc6d4b" outcome="Passed" testListId="8c84fa94-04c1-424b-9868-57a2d4851a1d" relativeResultsDirectory="b74e9447-d4cd-490d-85f8-0dbe220a1c0c">
    </UnitTestResult>
  </Results>
</TestRun>